ASxxxx Linker V03.00 + NoICE + sdld,  page 1.
Hexadecimal  [32-Bits]

Area                                    Addr        Size        Decimal Bytes (Attributes)
--------------------------------        ----        ----        ------- ----- ------------
.  .ABS.                            00000000    00000000 =           0. bytes (ABS,CON)

      Value  Global                              Global Defined In Module
      -----  --------------------------------   ------------------------
     00000000  .__.ABS.                           
     00000000  l__CABS                         
     00000000  l__CODE_0                       
     00000000  l__DABS                         
     00000000  l__HEADER                       
     00000000  l__HEAP                         
     00000000  l__HRAM                         
     00000000  l__LIT                          
     00000000  l__SFR                          
     00000000  s__CABS                         
     00000000  s__DABS                         
     00000000  s__HEADER                       
     00000000  s__HEADER0                      
     00000000  s__HEADER1                      
     00000000  s__HEADER10                     
     00000000  s__HEADER2                      
     00000000  s__HEADER3                      
     00000000  s__HEADER4                      
     00000000  s__HEADER5                      
     00000000  s__HEADER6                      
     00000000  s__HEADER7                      
     00000000  s__HEADER8                      
     00000000  s__HEADER9                      
     00000000  s__HEADERa                      
     00000000  s__HEADERb                      
     00000000  s__HEADERc                      
     00000000  s__HEADERd                      
     00000000  s__HEADERe                      
     00000000  s__HEADERf                      
     00000000  s__HRAM                         
     00000000  s__HRAM11                       
     00000000  s__SFR                          
     00000000  s__SFR0                         
     00000000  s__SFR1                         
     00000000  s__SFR10                        
     00000000  s__SFR11                        
     00000000  s__SFR12                        
     00000000  s__SFR13                        
     00000000  s__SFR14                        
     00000000  s__SFR15                        
     00000000  s__SFR16                        
     00000000  s__SFR17                        
     00000000  s__SFR18                        
     00000000  s__SFR19                        
     00000000  s__SFR1a                        
     00000000  s__SFR1b                        
     00000000  s__SFR1c                        
     00000000  s__SFR1d                        
     00000000  s__SFR1e                        
     00000000  s__SFR1f                        
ASxxxx Linker V03.00 + NoICE + sdld,  page 2.
Hexadecimal  [32-Bits]

Area                                    Addr        Size        Decimal Bytes (Attributes)
--------------------------------        ----        ----        ------- ----- ------------
.  .ABS.                            00000000    00000000 =           0. bytes (ABS,CON)

      Value  Global                              Global Defined In Module
      -----  --------------------------------   ------------------------
     00000000  s__SFR2                         
     00000000  s__SFR20                        
     00000000  s__SFR21                        
     00000000  s__SFR22                        
     00000000  s__SFR23                        
     00000000  s__SFR24                        
     00000000  s__SFR25                        
     00000000  s__SFR26                        
     00000000  s__SFR27                        
     00000000  s__SFR28                        
     00000000  s__SFR29                        
     00000000  s__SFR2a                        
     00000000  s__SFR2b                        
     00000000  s__SFR2c                        
     00000000  s__SFR2d                        
     00000000  s__SFR2e                        
     00000000  s__SFR2f                        
     00000000  s__SFR3                         
     00000000  s__SFR30                        
     00000000  s__SFR31                        
     00000000  s__SFR32                        
     00000000  s__SFR33                        
     00000000  s__SFR34                        
     00000000  s__SFR35                        
     00000000  s__SFR36                        
     00000000  s__SFR4                         
     00000000  s__SFR5                         
     00000000  s__SFR6                         
     00000000  s__SFR7                         
     00000000  s__SFR8                         
     00000000  s__SFR9                         
     00000000  s__SFRa                         
     00000000  s__SFRb                         
     00000000  s__SFRc                         
     00000000  s__SFRd                         
     00000000  s__SFRe                         
     00000000  s__SFRf                         
     00000001  l__GSFINAL                      
     00000001  l__HEADER0                      
     00000001  l__HEADER10                     
     00000001  l__HEADER8                      
     00000001  l__HEADER9                      
     00000001  l__HEADERa                      
     00000001  l__HEADERc                      
     00000001  l__HEADERd                      
     00000001  l__SFR0                         
     00000001  l__SFR1                         
     00000001  l__SFR10                        
     00000001  l__SFR11                        
     00000001  l__SFR12                        
     00000001  l__SFR13                        
ASxxxx Linker V03.00 + NoICE + sdld,  page 3.
Hexadecimal  [32-Bits]

Area                                    Addr        Size        Decimal Bytes (Attributes)
--------------------------------        ----        ----        ------- ----- ------------
.  .ABS.                            00000000    00000000 =           0. bytes (ABS,CON)

      Value  Global                              Global Defined In Module
      -----  --------------------------------   ------------------------
     00000001  l__SFR14                        
     00000001  l__SFR15                        
     00000001  l__SFR16                        
     00000001  l__SFR17                        
     00000001  l__SFR18                        
     00000001  l__SFR19                        
     00000001  l__SFR1a                        
     00000001  l__SFR1b                        
     00000001  l__SFR1c                        
     00000001  l__SFR1d                        
     00000001  l__SFR1e                        
     00000001  l__SFR1f                        
     00000001  l__SFR2                         
     00000001  l__SFR20                        
     00000001  l__SFR21                        
     00000001  l__SFR22                        
     00000001  l__SFR23                        
     00000001  l__SFR24                        
     00000001  l__SFR25                        
     00000001  l__SFR26                        
     00000001  l__SFR27                        
     00000001  l__SFR28                        
     00000001  l__SFR29                        
     00000001  l__SFR2a                        
     00000001  l__SFR2b                        
     00000001  l__SFR2c                        
     00000001  l__SFR2d                        
     00000001  l__SFR2e                        
     00000001  l__SFR2f                        
     00000001  l__SFR3                         
     00000001  l__SFR30                        
     00000001  l__SFR31                        
     00000001  l__SFR32                        
     00000001  l__SFR33                        
     00000001  l__SFR34                        
     00000001  l__SFR35                        
     00000001  l__SFR36                        
     00000001  l__SFR4                         
     00000001  l__SFR5                         
     00000001  l__SFR6                         
     00000001  l__SFR7                         
     00000001  l__SFR8                         
     00000001  l__SFR9                         
     00000001  l__SFRa                         
     00000001  l__SFRb                         
     00000001  l__SFRc                         
     00000001  l__SFRd                         
     00000001  l__SFRe                         
     00000001  l__SFRf                         
     00000002  l__HEADERb                      
     00000002  l__HEADERe                      
ASxxxx Linker V03.00 + NoICE + sdld,  page 4.
Hexadecimal  [32-Bits]

Area                                    Addr        Size        Decimal Bytes (Attributes)
--------------------------------        ----        ----        ------- ----- ------------
.  .ABS.                            00000000    00000000 =           0. bytes (ABS,CON)

      Value  Global                              Global Defined In Module
      -----  --------------------------------   ------------------------
     00000002  l__HRAM11                       
     00000003  l__HEADER7                      
     00000005  l__HEADER1                      
     00000006  l__HEADER6                      
     00000007  l__HEADER2                      
     00000008  l__HEADER3                      
     0000001A  l__BSS                          
     0000002C  l__HEADER4                      
     00000033  l__HEADER5                      
     0000004C  l__DATA                         
     0000006A  l__HOME                         
     0000007E  l__HEADERf                      
     0000008A  l__GSINIT                       
     00000103  l__BASE                         
     00000200  s__CODE                         
     0000179B  l__CODE                         
     0000199B  s__HOME                         
     00001A05  s__BASE                         
     00001B08  s__CODE_0                       
     00001B08  s__GSINIT                       
     00001B08  s__LIT                          
     00001B92  s__GSFINAL                      
     0000C000  _shadow_OAM                     
     0000C0A0  s__DATA                         
     0000C0EC  s__BSS                          
     0000C106  s__HEAP                         
     0000E000  .STACK                          
     0000FF80  .refresh_OAM                    
ASxxxx Linker V03.00 + NoICE + sdld,  page 5.
Hexadecimal  [32-Bits]

Area                                    Addr        Size        Decimal Bytes (Attributes)
--------------------------------        ----        ----        ------- ----- ------------
_CODE                               00000200    0000179B =        6043. bytes (REL,CON)

      Value  Global                              Global Defined In Module
      -----  --------------------------------   ------------------------
     00000200  A$main$53                          main
     00000200  C$main.c$5$0_0$86                  main
     00000200  C$main.c$6$1_0$86                  main
     00000200  G$main$0$0                         main
     00000200  _main                              main
     00000203  A$main$58                          main
     00000203  C$main.c$8$1_0$86                  main
     00000206  A$main$69                          main
     00000206  C$main.c$10$1_0$86                 main
     00000206  C$main.c$11$1_0$86                 main
     00000206  XG$main$0$0                        main
     00000208  G$headsUpDisplayMap$0_0$0          headsUpDisplayMB
     00000208  _headsUpDisplayMap                 headsUpDisplayMB
     00000230  A$lcc159281$81                     gameConfiguration
     00000230  C$gameConfiguration.c$20$0_0$102   gameConfiguration
     00000230  C$gameConfiguration.c$22$1_0$102   gameConfiguration
     00000230  G$gameCoreLoop$0$0                 gameConfiguration
     00000230  _gameCoreLoop                      gameConfiguration
     00000233  A$lcc159281$82                     gameConfiguration
     00000234  A$lcc159281$83                     gameConfiguration
     00000237  A$lcc159281$84                     gameConfiguration
     00000239  A$lcc159281$88                     gameConfiguration
     00000239  C$gameConfiguration.c$24$1_0$102   gameConfiguration
     0000023C  A$lcc159281$92                     gameConfiguration
     0000023C  C$gameConfiguration.c$26$1_0$102   gameConfiguration
     0000023F  A$lcc159281$96                     gameConfiguration
     0000023F  C$gameConfiguration.c$28$1_0$102   gameConfiguration
     00000242  A$lcc159281$100                    gameConfiguration
     00000242  C$gameConfiguration.c$30$1_0$102   gameConfiguration
     00000244  A$lcc159281$101                    gameConfiguration
     00000245  A$lcc159281$102                    gameConfiguration
     00000246  A$lcc159281$103                    gameConfiguration
     00000249  A$lcc159281$104                    gameConfiguration
     0000024A  A$lcc159281$112                    gameConfiguration
     0000024A  C$gameConfiguration.c$31$1_0$102   gameConfiguration
     0000024A  XG$gameCoreLoop$0$0                gameConfiguration
     0000024B  A$lcc159281$125                    gameConfiguration
     0000024B  C$gameConfiguration.c$33$1_0$103   gameConfiguration
     0000024B  C$gameConfiguration.c$35$1_0$103   gameConfiguration
     0000024B  G$initializeHUD$0$0                gameConfiguration
     0000024B  _initializeHUD                     gameConfiguration
     0000024E  A$lcc159281$126                    gameConfiguration
     0000024F  A$lcc159281$127                    gameConfiguration
     00000252  A$lcc159281$128                    gameConfiguration
     00000253  A$lcc159281$129                    gameConfiguration
     00000254  A$lcc159281$130                    gameConfiguration
     00000255  A$lcc159281$131                    gameConfiguration
     00000256  A$lcc159281$132                    gameConfiguration
     00000257  A$lcc159281$133                    gameConfiguration
     00000258  A$lcc159281$134                    gameConfiguration
ASxxxx Linker V03.00 + NoICE + sdld,  page 6.
Hexadecimal  [32-Bits]

Area                                    Addr        Size        Decimal Bytes (Attributes)
--------------------------------        ----        ----        ------- ----- ------------
_CODE                               00000200    0000179B =        6043. bytes (REL,CON)

      Value  Global                              Global Defined In Module
      -----  --------------------------------   ------------------------
     00000259  A$lcc159281$135                    gameConfiguration
     0000025C  A$lcc159281$136                    gameConfiguration
     0000025E  A$lcc159281$138                    gameConfiguration
     00000260  A$lcc159281$139                    gameConfiguration
     00000262  A$lcc159281$140                    gameConfiguration
     00000264  A$lcc159281$141                    gameConfiguration
     00000266  A$lcc159281$152                    gameConfiguration
     00000266  C$gameConfiguration.c$37$3_0$103   gameConfiguration
     00000266  C$gameConfiguration.c$38$3_0$103   gameConfiguration
     00000266  XG$initializeHUD$0$0               gameConfiguration
     00000267  A$lcc159281$165                    gameConfiguration
     00000267  C$gameConfiguration.c$40$3_0$109   gameConfiguration
     00000267  C$gameConfiguration.c$44$2_0$109   gameConfiguration
     00000267  G$performatdelay$0$0               gameConfiguration
     00000267  _performatdelay                    gameConfiguration
     00000269  A$lcc159281$167                    gameConfiguration
     0000026A  A$lcc159281$168                    gameConfiguration
     0000026C  A$lcc159281$169                    gameConfiguration
     0000026D  A$lcc159281$170                    gameConfiguration
     0000026E  A$lcc159281$171                    gameConfiguration
     00000271  A$lcc159281$172                    gameConfiguration
     00000272  A$lcc159281$180                    gameConfiguration
     00000272  C$gameConfiguration.c$45$2_0$109   gameConfiguration
     00000272  XG$performatdelay$0$0              gameConfiguration
     00000274  A$lcc159281$193                    gameConfiguration
     00000274  C$gameConfiguration.c$47$2_0$111   gameConfiguration
     00000274  C$gameConfiguration.c$49$1_0$111   gameConfiguration
     00000274  G$textLoadFont$0$0                 gameConfiguration
     00000274  _textLoadFont                      gameConfiguration
     00000277  A$lcc159281$194                    gameConfiguration
     00000278  A$lcc159281$195                    gameConfiguration
     0000027A  A$lcc159281$196                    gameConfiguration
     0000027B  A$lcc159281$197                    gameConfiguration
     0000027C  A$lcc159281$198                    gameConfiguration
     0000027D  A$lcc159281$199                    gameConfiguration
     0000027E  A$lcc159281$200                    gameConfiguration
     0000027F  A$lcc159281$201                    gameConfiguration
     00000282  A$lcc159281$202                    gameConfiguration
     00000284  A$lcc159281$209                    gameConfiguration
     00000284  C$gameConfiguration.c$51$2_0$113   gameConfiguration
     00000284  C$gameConfiguration.c$52$2_0$113   gameConfiguration
     00000287  A$lcc159281$213                    gameConfiguration
     00000287  C$gameConfiguration.c$58$2_1$111   gameConfiguration
     0000028A  A$lcc159281$218                    gameConfiguration
     0000028A  C$gameConfiguration.c$60$3_1$114   gameConfiguration
     0000028B  A$lcc159281$219                    gameConfiguration
     0000028E  A$lcc159281$220                    gameConfiguration
     0000028F  A$lcc159281$221                    gameConfiguration
     00000292  A$lcc159281$222                    gameConfiguration
     00000293  A$lcc159281$223                    gameConfiguration
     00000294  A$lcc159281$224                    gameConfiguration
ASxxxx Linker V03.00 + NoICE + sdld,  page 7.
Hexadecimal  [32-Bits]

Area                                    Addr        Size        Decimal Bytes (Attributes)
--------------------------------        ----        ----        ------- ----- ------------
_CODE                               00000200    0000179B =        6043. bytes (REL,CON)

      Value  Global                              Global Defined In Module
      -----  --------------------------------   ------------------------
     00000295  A$lcc159281$225                    gameConfiguration
     00000296  A$lcc159281$226                    gameConfiguration
     00000297  A$lcc159281$227                    gameConfiguration
     00000298  A$lcc159281$228                    gameConfiguration
     0000029B  A$lcc159281$229                    gameConfiguration
     0000029D  A$lcc159281$230                    gameConfiguration
     0000029E  A$lcc159281$234                    gameConfiguration
     0000029E  C$gameConfiguration.c$62$3_1$114   gameConfiguration
     0000029F  A$lcc159281$238                    gameConfiguration
     0000029F  C$gameConfiguration.c$64$3_1$114   gameConfiguration
     000002A0  A$lcc159281$239                    gameConfiguration
     000002A2  A$lcc159281$240                    gameConfiguration
     000002A4  A$lcc159281$241                    gameConfiguration
     000002A6  A$lcc159281$242                    gameConfiguration
     000002A7  A$lcc159281$247                    gameConfiguration
     000002A7  C$gameConfiguration.c$58$2_1$113   gameConfiguration
     000002A8  A$lcc159281$248                    gameConfiguration
     000002A9  A$lcc159281$249                    gameConfiguration
     000002AB  A$lcc159281$250                    gameConfiguration
     000002AC  A$lcc159281$251                    gameConfiguration
     000002AE  A$lcc159281$252                    gameConfiguration
     000002B0  A$lcc159281$260                    gameConfiguration
     000002B0  C$gameConfiguration.c$66$2_1$111   gameConfiguration
     000002B0  XG$textLoadFont$0$0                gameConfiguration
     000002B1  A$lcc159281$270                    gameConfiguration
     000002B1  C$gameConfiguration.c$68$2_1$117   gameConfiguration
     000002B1  G$textPrintCharBkgOrWin$0$0        gameConfiguration
     000002B1  _textPrintCharBkgOrWin             gameConfiguration
     000002B2  A$lcc159281$274                    gameConfiguration
     000002B2  C$gameConfiguration.c$70$2_0$117   gameConfiguration
     000002B4  A$lcc159281$275                    gameConfiguration
     000002B6  A$lcc159281$279                    gameConfiguration
     000002B6  C$gameConfiguration.c$72$1_0$117   gameConfiguration
     000002B8  A$lcc159281$280                    gameConfiguration
     000002B9  A$lcc159281$281                    gameConfiguration
     000002BA  A$lcc159281$282                    gameConfiguration
     000002BC  A$lcc159281$283                    gameConfiguration
     000002BE  A$lcc159281$284                    gameConfiguration
     000002C0  A$lcc159281$285                    gameConfiguration
     000002C1  A$lcc159281$286                    gameConfiguration
     000002C3  A$lcc159281$287                    gameConfiguration
     000002C4  A$lcc159281$288                    gameConfiguration
     000002C6  A$lcc159281$289                    gameConfiguration
     000002C8  A$lcc159281$290                    gameConfiguration
     000002C9  A$lcc159281$291                    gameConfiguration
     000002CB  A$lcc159281$296                    gameConfiguration
     000002CB  C$gameConfiguration.c$73$1_0$117   gameConfiguration
     000002CD  A$lcc159281$297                    gameConfiguration
     000002CE  A$lcc159281$298                    gameConfiguration
     000002D0  A$lcc159281$299                    gameConfiguration
     000002D2  A$lcc159281$300                    gameConfiguration
ASxxxx Linker V03.00 + NoICE + sdld,  page 8.
Hexadecimal  [32-Bits]

Area                                    Addr        Size        Decimal Bytes (Attributes)
--------------------------------        ----        ----        ------- ----- ------------
_CODE                               00000200    0000179B =        6043. bytes (REL,CON)

      Value  Global                              Global Defined In Module
      -----  --------------------------------   ------------------------
     000002D4  A$lcc159281$301                    gameConfiguration
     000002D5  A$lcc159281$302                    gameConfiguration
     000002D7  A$lcc159281$303                    gameConfiguration
     000002D8  A$lcc159281$304                    gameConfiguration
     000002DA  A$lcc159281$305                    gameConfiguration
     000002DC  A$lcc159281$306                    gameConfiguration
     000002DD  A$lcc159281$307                    gameConfiguration
     000002DF  A$lcc159281$312                    gameConfiguration
     000002DF  C$gameConfiguration.c$74$1_0$117   gameConfiguration
     000002E1  A$lcc159281$313                    gameConfiguration
     000002E2  A$lcc159281$314                    gameConfiguration
     000002E4  A$lcc159281$315                    gameConfiguration
     000002E6  A$lcc159281$316                    gameConfiguration
     000002E8  A$lcc159281$317                    gameConfiguration
     000002E9  A$lcc159281$318                    gameConfiguration
     000002EB  A$lcc159281$319                    gameConfiguration
     000002EC  A$lcc159281$320                    gameConfiguration
     000002EE  A$lcc159281$321                    gameConfiguration
     000002F0  A$lcc159281$322                    gameConfiguration
     000002F1  A$lcc159281$323                    gameConfiguration
     000002F3  A$lcc159281$328                    gameConfiguration
     000002F3  C$gameConfiguration.c$76$2_0$121   gameConfiguration
     000002F5  A$lcc159281$329                    gameConfiguration
     000002F6  A$lcc159281$330                    gameConfiguration
     000002F8  A$lcc159281$331                    gameConfiguration
     000002FA  A$lcc159281$332                    gameConfiguration
     000002FC  A$lcc159281$333                    gameConfiguration
     000002FD  A$lcc159281$334                    gameConfiguration
     000002FF  A$lcc159281$335                    gameConfiguration
     00000301  A$lcc159281$336                    gameConfiguration
     00000303  A$lcc159281$337                    gameConfiguration
     00000304  A$lcc159281$338                    gameConfiguration
     00000306  A$lcc159281$339                    gameConfiguration
     00000308  A$lcc159281$340                    gameConfiguration
     0000030A  A$lcc159281$341                    gameConfiguration
     0000030B  A$lcc159281$342                    gameConfiguration
     0000030D  A$lcc159281$343                    gameConfiguration
     0000030F  A$lcc159281$344                    gameConfiguration
     00000311  A$lcc159281$349                    gameConfiguration
     00000311  C$gameConfiguration.c$78$3_0$122   gameConfiguration
     00000312  A$lcc159281$350                    gameConfiguration
     00000314  A$lcc159281$351                    gameConfiguration
     00000315  A$lcc159281$352                    gameConfiguration
     00000317  A$lcc159281$357                    gameConfiguration
     00000317  C$gameConfiguration.c$79$3_0$122   gameConfiguration
     00000319  A$lcc159281$358                    gameConfiguration
     0000031B  A$lcc159281$359                    gameConfiguration
     0000031D  A$lcc159281$364                    gameConfiguration
     0000031D  C$gameConfiguration.c$80$3_0$122   gameConfiguration
     0000031F  A$lcc159281$365                    gameConfiguration
     00000321  A$lcc159281$366                    gameConfiguration
ASxxxx Linker V03.00 + NoICE + sdld,  page 9.
Hexadecimal  [32-Bits]

Area                                    Addr        Size        Decimal Bytes (Attributes)
--------------------------------        ----        ----        ------- ----- ------------
_CODE                               00000200    0000179B =        6043. bytes (REL,CON)

      Value  Global                              Global Defined In Module
      -----  --------------------------------   ------------------------
     00000323  A$lcc159281$371                    gameConfiguration
     00000323  C$gameConfiguration.c$81$3_0$122   gameConfiguration
     00000325  A$lcc159281$372                    gameConfiguration
     00000327  A$lcc159281$380                    gameConfiguration
     00000327  C$gameConfiguration.c$82$1_0$117   gameConfiguration
     00000327  C$gameConfiguration.c$85$1_0$117   gameConfiguration
     00000329  A$lcc159281$381                    gameConfiguration
     0000032A  A$lcc159281$382                    gameConfiguration
     0000032C  A$lcc159281$383                    gameConfiguration
     0000032E  A$lcc159281$384                    gameConfiguration
     00000330  A$lcc159281$385                    gameConfiguration
     00000331  A$lcc159281$386                    gameConfiguration
     00000334  A$lcc159281$387                    gameConfiguration
     00000335  A$lcc159281$388                    gameConfiguration
     00000337  A$lcc159281$389                    gameConfiguration
     00000338  A$lcc159281$390                    gameConfiguration
     00000339  A$lcc159281$391                    gameConfiguration
     0000033A  A$lcc159281$392                    gameConfiguration
     0000033B  A$lcc159281$393                    gameConfiguration
     0000033C  A$lcc159281$394                    gameConfiguration
     0000033D  A$lcc159281$395                    gameConfiguration
     0000033E  A$lcc159281$396                    gameConfiguration
     00000341  A$lcc159281$397                    gameConfiguration
     00000343  A$lcc159281$398                    gameConfiguration
     00000345  A$lcc159281$403                    gameConfiguration
     00000345  C$gameConfiguration.c$86$2_0$124   gameConfiguration
     00000347  A$lcc159281$404                    gameConfiguration
     00000348  A$lcc159281$405                    gameConfiguration
     0000034B  A$lcc159281$406                    gameConfiguration
     0000034C  A$lcc159281$407                    gameConfiguration
     0000034E  A$lcc159281$408                    gameConfiguration
     0000034F  A$lcc159281$409                    gameConfiguration
     00000350  A$lcc159281$410                    gameConfiguration
     00000351  A$lcc159281$411                    gameConfiguration
     00000352  A$lcc159281$412                    gameConfiguration
     00000353  A$lcc159281$413                    gameConfiguration
     00000354  A$lcc159281$414                    gameConfiguration
     00000355  A$lcc159281$415                    gameConfiguration
     00000358  A$lcc159281$416                    gameConfiguration
     0000035A  A$lcc159281$421                    gameConfiguration
     0000035B  A$lcc159281$426                    gameConfiguration
     0000035B  C$gameConfiguration.c$87$1_0$117   gameConfiguration
     0000035B  XG$textPrintCharBkgOrWin$0$0       gameConfiguration
     0000035C  A$lcc159281$436                    gameConfiguration
     0000035C  C$gameConfiguration.c$89$1_0$126   gameConfiguration
     0000035C  G$textPrintStringBkgOrWin$0$0      gameConfiguration
     0000035C  _textPrintStringBkgOrWin           gameConfiguration
     0000035E  A$lcc159281$443                    gameConfiguration
     0000035E  C$gameConfiguration.c$91$2_0$126   gameConfiguration
     0000035E  C$gameConfiguration.c$92$2_0$126   gameConfiguration
     00000361  A$lcc159281$447                    gameConfiguration
ASxxxx Linker V03.00 + NoICE + sdld,  page 10.
Hexadecimal  [32-Bits]

Area                                    Addr        Size        Decimal Bytes (Attributes)
--------------------------------        ----        ----        ------- ----- ------------
_CODE                               00000200    0000179B =        6043. bytes (REL,CON)

      Value  Global                              Global Defined In Module
      -----  --------------------------------   ------------------------
     00000361  C$gameConfiguration.c$94$1_0$126   gameConfiguration
     00000363  A$lcc159281$448                    gameConfiguration
     00000364  A$lcc159281$449                    gameConfiguration
     00000365  A$lcc159281$450                    gameConfiguration
     00000366  A$lcc159281$452                    gameConfiguration
     00000367  A$lcc159281$453                    gameConfiguration
     00000369  A$lcc159281$457                    gameConfiguration
     00000369  C$gameConfiguration.c$96$2_0$127   gameConfiguration
     0000036A  A$lcc159281$458                    gameConfiguration
     0000036B  A$lcc159281$459                    gameConfiguration
     0000036D  A$lcc159281$463                    gameConfiguration
     0000036D  C$gameConfiguration.c$97$3_0$128   gameConfiguration
     0000036F  A$lcc159281$464                    gameConfiguration
     00000371  A$lcc159281$465                    gameConfiguration
     00000372  A$lcc159281$469                    gameConfiguration
     00000372  C$gameConfiguration.c$98$3_0$128   gameConfiguration
     00000373  A$lcc159281$470                    gameConfiguration
     00000375  A$lcc159281$475                    gameConfiguration
     00000375  C$gameConfiguration.c$102$3_0$12   gameConfiguration
     00000377  A$lcc159281$476                    gameConfiguration
     00000378  A$lcc159281$477                    gameConfiguration
     00000379  A$lcc159281$478                    gameConfiguration
     0000037B  A$lcc159281$479                    gameConfiguration
     0000037C  A$lcc159281$480                    gameConfiguration
     0000037E  A$lcc159281$481                    gameConfiguration
     0000037F  A$lcc159281$482                    gameConfiguration
     00000380  A$lcc159281$483                    gameConfiguration
     00000381  A$lcc159281$484                    gameConfiguration
     00000382  A$lcc159281$485                    gameConfiguration
     00000384  A$lcc159281$486                    gameConfiguration
     00000385  A$lcc159281$487                    gameConfiguration
     00000386  A$lcc159281$488                    gameConfiguration
     00000387  A$lcc159281$489                    gameConfiguration
     00000389  A$lcc159281$490                    gameConfiguration
     0000038A  A$lcc159281$491                    gameConfiguration
     0000038B  A$lcc159281$492                    gameConfiguration
     0000038C  A$lcc159281$493                    gameConfiguration
     0000038E  A$lcc159281$494                    gameConfiguration
     0000038F  A$lcc159281$495                    gameConfiguration
     00000390  A$lcc159281$496                    gameConfiguration
     00000391  A$lcc159281$497                    gameConfiguration
     00000392  A$lcc159281$498                    gameConfiguration
     00000393  A$lcc159281$499                    gameConfiguration
     00000396  A$lcc159281$500                    gameConfiguration
     00000398  A$lcc159281$501                    gameConfiguration
     00000399  A$lcc159281$502                    gameConfiguration
     0000039A  A$lcc159281$506                    gameConfiguration
     0000039A  C$gameConfiguration.c$104$3_0$12   gameConfiguration
     0000039B  A$lcc159281$511                    gameConfiguration
     0000039B  C$gameConfiguration.c$107$2_0$12   gameConfiguration
     0000039C  A$lcc159281$512                    gameConfiguration
ASxxxx Linker V03.00 + NoICE + sdld,  page 11.
Hexadecimal  [32-Bits]

Area                                    Addr        Size        Decimal Bytes (Attributes)
--------------------------------        ----        ----        ------- ----- ------------
_CODE                               00000200    0000179B =        6043. bytes (REL,CON)

      Value  Global                              Global Defined In Module
      -----  --------------------------------   ------------------------
     0000039E  A$lcc159281$517                    gameConfiguration
     000003A0  A$lcc159281$522                    gameConfiguration
     000003A0  C$gameConfiguration.c$109$1_0$12   gameConfiguration
     000003A0  XG$textPrintStringBkgOrWin$0$0     gameConfiguration
     000003A1  A$lcc159281$535                    gameConfiguration
     000003A1  C$gameConfiguration.c$111$1_0$13   gameConfiguration
     000003A1  C$gameConfiguration.c$113$1_0$13   gameConfiguration
     000003A1  G$initializeGame$0$0               gameConfiguration
     000003A1  _initializeGame                    gameConfiguration
     000003A4  A$lcc159281$539                    gameConfiguration
     000003A4  C$gameConfiguration.c$115$1_0$13   gameConfiguration
     000003A7  A$lcc159281$540                    gameConfiguration
     000003A8  A$lcc159281$541                    gameConfiguration
     000003A9  A$lcc159281$542                    gameConfiguration
     000003AA  A$lcc159281$543                    gameConfiguration
     000003AB  A$lcc159281$544                    gameConfiguration
     000003AE  A$lcc159281$545                    gameConfiguration
     000003B0  A$lcc159281$549                    gameConfiguration
     000003B0  C$gameConfiguration.c$117$1_0$13   gameConfiguration
     000003B3  A$lcc159281$553                    gameConfiguration
     000003B3  C$gameConfiguration.c$119$1_0$13   gameConfiguration
     000003B5  A$lcc159281$554                    gameConfiguration
     000003B7  A$lcc159281$555                    gameConfiguration
     000003B9  A$lcc159281$559                    gameConfiguration
     000003B9  C$gameConfiguration.c$120$1_0$13   gameConfiguration
     000003BB  A$lcc159281$560                    gameConfiguration
     000003BD  A$lcc159281$561                    gameConfiguration
     000003BF  A$lcc159281$565                    gameConfiguration
     000003BF  C$gameConfiguration.c$121$1_0$13   gameConfiguration
     000003C1  A$lcc159281$566                    gameConfiguration
     000003C3  A$lcc159281$567                    gameConfiguration
     000003C5  A$lcc159281$571                    gameConfiguration
     000003C5  C$gameConfiguration.c$123$1_0$13   gameConfiguration
     000003C7  A$lcc159281$572                    gameConfiguration
     000003C9  A$lcc159281$573                    gameConfiguration
     000003CB  A$lcc159281$581                    gameConfiguration
     000003CB  C$gameConfiguration.c$124$1_0$13   gameConfiguration
     000003CB  XG$initializeGame$0$0              gameConfiguration
     000003CC  A$lcc159282$111                    guard
     000003CC  C$guard.c$23$0_0$106               guard
     000003CC  G$guardInitialization$0$0          guard
     000003CC  _guardInitialization               guard
     000003CE  A$lcc159282$115                    guard
     000003CE  C$guard.c$25$1_0$106               guard
     000003D1  A$lcc159282$116                    guard
     000003D3  A$lcc159282$120                    guard
     000003D3  C$guard.c$27$1_0$106               guard
     000003D6  A$lcc159282$121                    guard
     000003D7  A$lcc159282$122                    guard
     000003DA  A$lcc159282$123                    guard
     000003DB  A$lcc159282$124                    guard
ASxxxx Linker V03.00 + NoICE + sdld,  page 12.
Hexadecimal  [32-Bits]

Area                                    Addr        Size        Decimal Bytes (Attributes)
--------------------------------        ----        ----        ------- ----- ------------
_CODE                               00000200    0000179B =        6043. bytes (REL,CON)

      Value  Global                              Global Defined In Module
      -----  --------------------------------   ------------------------
     000003DE  A$lcc159282$125                    guard
     000003E0  A$lcc159282$129                    guard
     000003E0  C$guard.c$31$3_1$109               guard
     000003E2  A$lcc159282$131                    guard
     000003E3  A$lcc159282$132                    guard
     000003E6  A$lcc159282$133                    guard
     000003E7  A$lcc159282$134                    guard
     000003E9  A$lcc159282$138                    guard
     000003E9  C$guard.c$33$3_1$109               guard
     000003EB  A$lcc159282$139                    guard
     000003EC  A$lcc159282$140                    guard
     000003ED  A$lcc159282$141                    guard
     000003EE  A$lcc159282$142                    guard
     000003EF  A$lcc159282$143                    guard
     000003F0  A$lcc159282$144                    guard
     000003F1  A$lcc159282$145                    guard
     000003F2  A$lcc159282$146                    guard
     000003F3  A$lcc159282$147                    guard
     000003F4  A$lcc159282$148                    guard
     000003F6  A$lcc159282$149                    guard
     000003F7  A$lcc159282$150                    guard
     000003F8  A$lcc159282$151                    guard
     000003FA  A$lcc159282$152                    guard
     000003FB  A$lcc159282$153                    guard
     000003FE  A$lcc159282$154                    guard
     000003FF  A$lcc159282$155                    guard
     00000401  A$lcc159282$159                    guard
     00000401  C$guard.c$35$3_1$109               guard
     00000402  A$lcc159282$160                    guard
     00000403  A$lcc159282$164                    guard
     00000403  C$guard.c$36$3_1$109               guard
     00000404  A$lcc159282$165                    guard
     00000405  A$lcc159282$166                    guard
     00000406  A$lcc159282$167                    guard
     00000408  A$lcc159282$171                    guard
     00000408  C$guard.c$37$3_1$109               guard
     00000409  A$lcc159282$172                    guard
     0000040A  A$lcc159282$173                    guard
     0000040B  A$lcc159282$174                    guard
     0000040C  A$lcc159282$175                    guard
     0000040E  A$lcc159282$179                    guard
     0000040E  C$guard.c$38$3_1$109               guard
     0000040F  A$lcc159282$180                    guard
     00000410  A$lcc159282$181                    guard
     00000411  A$lcc159282$182                    guard
     00000412  A$lcc159282$183                    guard
     00000413  A$lcc159282$184                    guard
     00000415  A$lcc159282$188                    guard
     00000415  C$guard.c$39$3_1$109               guard
     00000418  A$lcc159282$189                    guard
     00000419  A$lcc159282$190                    guard
ASxxxx Linker V03.00 + NoICE + sdld,  page 13.
Hexadecimal  [32-Bits]

Area                                    Addr        Size        Decimal Bytes (Attributes)
--------------------------------        ----        ----        ------- ----- ------------
_CODE                               00000200    0000179B =        6043. bytes (REL,CON)

      Value  Global                              Global Defined In Module
      -----  --------------------------------   ------------------------
     0000041B  A$lcc159282$194                    guard
     0000041B  C$guard.c$40$3_1$109               guard
     0000041E  A$lcc159282$195                    guard
     0000041F  A$lcc159282$196                    guard
     00000421  A$lcc159282$200                    guard
     00000421  C$guard.c$41$3_1$109               guard
     00000424  A$lcc159282$201                    guard
     00000425  A$lcc159282$202                    guard
     00000427  A$lcc159282$206                    guard
     00000427  C$guard.c$43$3_1$109               guard
     0000042A  A$lcc159282$207                    guard
     0000042B  A$lcc159282$208                    guard
     0000042D  A$lcc159282$212                    guard
     0000042D  C$guard.c$45$3_1$109               guard
     00000430  A$lcc159282$213                    guard
     00000431  A$lcc159282$214                    guard
     00000432  A$lcc159282$215                    guard
     00000433  A$lcc159282$216                    guard
     00000434  A$lcc159282$220                    guard
     00000434  C$guard.c$46$3_1$109               guard
     00000437  A$lcc159282$221                    guard
     00000438  A$lcc159282$222                    guard
     00000439  A$lcc159282$223                    guard
     0000043A  A$lcc159282$224                    guard
     0000043B  A$lcc159282$228                    guard
     0000043B  C$guard.c$47$3_1$109               guard
     0000043E  A$lcc159282$229                    guard
     0000043F  A$lcc159282$230                    guard
     00000440  A$lcc159282$231                    guard
     00000441  A$lcc159282$232                    guard
     00000442  A$lcc159282$236                    guard
     00000442  C$guard.c$49$3_1$109               guard
     00000445  A$lcc159282$237                    guard
     00000446  A$lcc159282$238                    guard
     00000448  A$lcc159282$239                    guard
     00000449  A$lcc159282$240                    guard
     0000044B  A$lcc159282$244                    guard
     0000044B  C$guard.c$50$3_1$109               guard
     0000044E  A$lcc159282$245                    guard
     0000044F  A$lcc159282$246                    guard
     00000451  A$lcc159282$247                    guard
     00000452  A$lcc159282$248                    guard
     00000454  A$lcc159282$252                    guard
     00000454  C$guard.c$31$2_1$108               guard
     00000455  A$lcc159282$253                    guard
     00000457  A$lcc159282$256                    guard
     0000045A  A$lcc159282$257                    guard
     0000045C  A$lcc159282$259                    guard
     0000045E  A$lcc159282$260                    guard
     0000045F  A$lcc159282$261                    guard
     00000460  A$lcc159282$262                    guard
ASxxxx Linker V03.00 + NoICE + sdld,  page 14.
Hexadecimal  [32-Bits]

Area                                    Addr        Size        Decimal Bytes (Attributes)
--------------------------------        ----        ----        ------- ----- ------------
_CODE                               00000200    0000179B =        6043. bytes (REL,CON)

      Value  Global                              Global Defined In Module
      -----  --------------------------------   ------------------------
     00000461  A$lcc159282$263                    guard
     00000462  A$lcc159282$264                    guard
     00000463  A$lcc159282$265                    guard
     00000464  A$lcc159282$266                    guard
     00000465  A$lcc159282$267                    guard
     00000466  A$lcc159282$268                    guard
     00000467  A$lcc159282$269                    guard
     00000469  A$lcc159282$270                    guard
     0000046A  A$lcc159282$271                    guard
     0000046B  A$lcc159282$272                    guard
     0000046D  A$lcc159282$273                    guard
     0000046E  A$lcc159282$274                    guard
     00000471  A$lcc159282$275                    guard
     00000472  A$lcc159282$276                    guard
     00000473  A$lcc159282$277                    guard
     00000474  A$lcc159282$279                    guard
     00000477  A$lcc159282$280                    guard
     00000478  A$lcc159282$281                    guard
     00000479  A$lcc159282$282                    guard
     0000047A  A$lcc159282$283                    guard
     0000047B  A$lcc159282$284                    guard
     0000047C  A$lcc159282$285                    guard
     0000047D  A$lcc159282$286                    guard
     0000047E  A$lcc159282$287                    guard
     00000480  A$lcc159282$288                    guard
     00000481  A$lcc159282$289                    guard
     00000482  A$lcc159282$290                    guard
     00000483  A$lcc159282$291                    guard
     00000484  A$lcc159282$293                    guard
     00000487  A$lcc159282$295                    guard
     00000488  A$lcc159282$296                    guard
     00000489  A$lcc159282$297                    guard
     0000048A  A$lcc159282$298                    guard
     0000048B  A$lcc159282$299                    guard
     0000048C  A$lcc159282$300                    guard
     0000048D  A$lcc159282$301                    guard
     0000048E  A$lcc159282$303                    guard
     00000491  A$lcc159282$304                    guard
     00000493  A$lcc159282$306                    guard
     00000494  A$lcc159282$307                    guard
     00000495  A$lcc159282$308                    guard
     00000496  A$lcc159282$309                    guard
     00000498  A$lcc159282$310                    guard
     00000499  A$lcc159282$311                    guard
     0000049A  A$lcc159282$312                    guard
     0000049C  A$lcc159282$313                    guard
     0000049D  A$lcc159282$314                    guard
     0000049E  A$lcc159282$316                    guard
     000004A1  A$lcc159282$318                    guard
     000004A2  A$lcc159282$319                    guard
     000004A3  A$lcc159282$320                    guard
ASxxxx Linker V03.00 + NoICE + sdld,  page 15.
Hexadecimal  [32-Bits]

Area                                    Addr        Size        Decimal Bytes (Attributes)
--------------------------------        ----        ----        ------- ----- ------------
_CODE                               00000200    0000179B =        6043. bytes (REL,CON)

      Value  Global                              Global Defined In Module
      -----  --------------------------------   ------------------------
     000004A4  A$lcc159282$321                    guard
     000004A5  A$lcc159282$322                    guard
     000004A6  A$lcc159282$323                    guard
     000004A7  A$lcc159282$324                    guard
     000004A8  A$lcc159282$326                    guard
     000004AB  A$lcc159282$327                    guard
     000004AD  A$lcc159282$329                    guard
     000004AE  A$lcc159282$330                    guard
     000004AF  A$lcc159282$331                    guard
     000004B0  A$lcc159282$332                    guard
     000004B2  A$lcc159282$333                    guard
     000004B3  A$lcc159282$334                    guard
     000004B4  A$lcc159282$335                    guard
     000004B5  A$lcc159282$337                    guard
     000004B8  A$lcc159282$339                    guard
     000004B9  A$lcc159282$340                    guard
     000004BA  A$lcc159282$341                    guard
     000004BB  A$lcc159282$343                    guard
     000004BE  A$lcc159282$344                    guard
     000004C0  A$lcc159282$346                    guard
     000004C1  A$lcc159282$347                    guard
     000004C2  A$lcc159282$348                    guard
     000004C3  A$lcc159282$349                    guard
     000004C5  A$lcc159282$350                    guard
     000004C6  A$lcc159282$351                    guard
     000004C7  A$lcc159282$352                    guard
     000004C9  A$lcc159282$353                    guard
     000004CA  A$lcc159282$355                    guard
     000004CD  A$lcc159282$357                    guard
     000004CE  A$lcc159282$358                    guard
     000004CF  A$lcc159282$359                    guard
     000004D0  A$lcc159282$363                    guard
     000004D0  C$guard.c$65$1_1$107               guard
     000004D2  A$lcc159282$367                    guard
     000004D4  A$lcc159282$372                    guard
     000004D4  C$guard.c$66$1_1$106               guard
     000004D4  XG$guardInitialization$0$0         guard
     000004D5  A$lcc159282$382                    guard
     000004D5  C$guard.c$68$1_1$135               guard
     000004D5  G$guardDetection$0$0               guard
     000004D5  _guardDetection                    guard
     000004D7  A$lcc159282$386                    guard
     000004DA  A$lcc159282$387                    guard
     000004DB  A$lcc159282$388                    guard
     000004DD  A$lcc159282$389                    guard
     000004DE  A$lcc159282$390                    guard
     000004DF  A$lcc159282$391                    guard
     000004E0  A$lcc159282$392                    guard
     000004E1  A$lcc159282$393                    guard
     000004E3  A$lcc159282$394                    guard
     000004E4  A$lcc159282$395                    guard
ASxxxx Linker V03.00 + NoICE + sdld,  page 16.
Hexadecimal  [32-Bits]

Area                                    Addr        Size        Decimal Bytes (Attributes)
--------------------------------        ----        ----        ------- ----- ------------
_CODE                               00000200    0000179B =        6043. bytes (REL,CON)

      Value  Global                              Global Defined In Module
      -----  --------------------------------   ------------------------
     000004E5  A$lcc159282$396                    guard
     000004E6  A$lcc159282$397                    guard
     000004E9  A$lcc159282$398                    guard
     000004EA  A$lcc159282$399                    guard
     000004EB  A$lcc159282$400                    guard
     000004EC  A$lcc159282$401                    guard
     000004EE  A$lcc159282$402                    guard
     000004EF  A$lcc159282$403                    guard
     000004F0  A$lcc159282$404                    guard
     000004F1  A$lcc159282$405                    guard
     000004F3  A$lcc159282$406                    guard
     000004F4  A$lcc159282$407                    guard
     000004F5  A$lcc159282$408                    guard
     000004F6  A$lcc159282$409                    guard
     000004F7  A$lcc159282$410                    guard
     000004F8  A$lcc159282$411                    guard
     000004F9  A$lcc159282$412                    guard
     000004FA  A$lcc159282$413                    guard
     000004FB  A$lcc159282$414                    guard
     000004FC  A$lcc159282$415                    guard
     000004FD  A$lcc159282$416                    guard
     000004FE  A$lcc159282$417                    guard
     000004FF  A$lcc159282$418                    guard
     00000500  A$lcc159282$419                    guard
     00000501  A$lcc159282$420                    guard
     00000502  A$lcc159282$421                    guard
     00000503  A$lcc159282$422                    guard
     00000504  A$lcc159282$423                    guard
     00000505  A$lcc159282$424                    guard
     00000506  A$lcc159282$425                    guard
     00000507  A$lcc159282$426                    guard
     00000508  A$lcc159282$427                    guard
     0000050A  A$lcc159282$428                    guard
     0000050B  A$lcc159282$429                    guard
     0000050C  A$lcc159282$430                    guard
     0000050E  A$lcc159282$431                    guard
     0000050F  A$lcc159282$432                    guard
     00000511  A$lcc159282$433                    guard
     00000512  A$lcc159282$434                    guard
     00000513  A$lcc159282$435                    guard
     00000514  A$lcc159282$436                    guard
     00000515  A$lcc159282$437                    guard
     00000518  A$lcc159282$438                    guard
     00000519  A$lcc159282$439                    guard
     0000051A  A$lcc159282$440                    guard
     0000051B  A$lcc159282$441                    guard
     0000051D  A$lcc159282$442                    guard
     0000051E  A$lcc159282$443                    guard
     0000051F  A$lcc159282$444                    guard
     00000520  A$lcc159282$445                    guard
     00000522  A$lcc159282$446                    guard
ASxxxx Linker V03.00 + NoICE + sdld,  page 17.
Hexadecimal  [32-Bits]

Area                                    Addr        Size        Decimal Bytes (Attributes)
--------------------------------        ----        ----        ------- ----- ------------
_CODE                               00000200    0000179B =        6043. bytes (REL,CON)

      Value  Global                              Global Defined In Module
      -----  --------------------------------   ------------------------
     00000523  A$lcc159282$450                    guard
     00000526  A$lcc159282$451                    guard
     00000527  A$lcc159282$452                    guard
     00000528  A$lcc159282$453                    guard
     00000529  A$lcc159282$454                    guard
     0000052B  A$lcc159282$455                    guard
     0000052C  A$lcc159282$456                    guard
     0000052D  A$lcc159282$457                    guard
     0000052E  A$lcc159282$458                    guard
     00000530  A$lcc159282$459                    guard
     00000531  A$lcc159282$463                    guard
     00000531  C$guard.c$70$1_0$135               guard
     00000533  A$lcc159282$464                    guard
     00000534  A$lcc159282$465                    guard
     00000535  A$lcc159282$466                    guard
     00000537  A$lcc159282$467                    guard
     00000538  A$lcc159282$468                    guard
     00000539  A$lcc159282$469                    guard
     0000053A  A$lcc159282$470                    guard
     0000053B  A$lcc159282$471                    guard
     0000053C  A$lcc159282$472                    guard
     0000053D  A$lcc159282$473                    guard
     0000053F  A$lcc159282$474                    guard
     00000541  A$lcc159282$475                    guard
     00000542  A$lcc159282$476                    guard
     00000543  A$lcc159282$477                    guard
     00000544  A$lcc159282$478                    guard
     00000545  A$lcc159282$479                    guard
     00000546  A$lcc159282$480                    guard
     00000548  A$lcc159282$481                    guard
     0000054A  A$lcc159282$482                    guard
     0000054B  A$lcc159282$483                    guard
     0000054D  A$lcc159282$488                    guard
     0000054D  C$guard.c$71$1_0$135               guard
     0000054F  A$lcc159282$489                    guard
     00000550  A$lcc159282$490                    guard
     00000551  A$lcc159282$491                    guard
     00000552  A$lcc159282$492                    guard
     00000553  A$lcc159282$493                    guard
     00000554  A$lcc159282$494                    guard
     00000555  A$lcc159282$495                    guard
     00000556  A$lcc159282$496                    guard
     00000557  A$lcc159282$497                    guard
     00000558  A$lcc159282$498                    guard
     00000559  A$lcc159282$499                    guard
     0000055B  A$lcc159282$500                    guard
     0000055C  A$lcc159282$501                    guard
     0000055D  A$lcc159282$502                    guard
     0000055F  A$lcc159282$503                    guard
     00000560  A$lcc159282$504                    guard
     00000561  A$lcc159282$505                    guard
ASxxxx Linker V03.00 + NoICE + sdld,  page 18.
Hexadecimal  [32-Bits]

Area                                    Addr        Size        Decimal Bytes (Attributes)
--------------------------------        ----        ----        ------- ----- ------------
_CODE                               00000200    0000179B =        6043. bytes (REL,CON)

      Value  Global                              Global Defined In Module
      -----  --------------------------------   ------------------------
     00000563  A$lcc159282$506                    guard
     00000564  A$lcc159282$507                    guard
     00000565  A$lcc159282$508                    guard
     00000566  A$lcc159282$509                    guard
     00000567  A$lcc159282$510                    guard
     00000568  A$lcc159282$511                    guard
     00000569  A$lcc159282$512                    guard
     0000056B  A$lcc159282$513                    guard
     0000056D  A$lcc159282$514                    guard
     0000056E  A$lcc159282$515                    guard
     0000056F  A$lcc159282$516                    guard
     00000570  A$lcc159282$517                    guard
     00000571  A$lcc159282$518                    guard
     00000572  A$lcc159282$519                    guard
     00000574  A$lcc159282$520                    guard
     00000576  A$lcc159282$521                    guard
     00000577  A$lcc159282$522                    guard
     00000579  A$lcc159282$527                    guard
     00000579  C$guard.c$72$1_0$135               guard
     0000057B  A$lcc159282$528                    guard
     0000057C  A$lcc159282$529                    guard
     0000057D  A$lcc159282$530                    guard
     0000057F  A$lcc159282$531                    guard
     00000580  A$lcc159282$532                    guard
     00000581  A$lcc159282$533                    guard
     00000582  A$lcc159282$534                    guard
     00000583  A$lcc159282$535                    guard
     00000584  A$lcc159282$536                    guard
     00000585  A$lcc159282$537                    guard
     00000587  A$lcc159282$538                    guard
     00000589  A$lcc159282$539                    guard
     0000058A  A$lcc159282$540                    guard
     0000058B  A$lcc159282$541                    guard
     0000058D  A$lcc159282$542                    guard
     0000058E  A$lcc159282$543                    guard
     0000058F  A$lcc159282$544                    guard
     00000590  A$lcc159282$545                    guard
     00000591  A$lcc159282$546                    guard
     00000592  A$lcc159282$547                    guard
     00000593  A$lcc159282$548                    guard
     00000595  A$lcc159282$549                    guard
     00000596  A$lcc159282$550                    guard
     00000597  A$lcc159282$551                    guard
     00000599  A$lcc159282$552                    guard
     0000059A  A$lcc159282$553                    guard
     0000059B  A$lcc159282$554                    guard
     0000059C  A$lcc159282$555                    guard
     0000059E  A$lcc159282$560                    guard
     0000059E  C$guard.c$74$1_0$135               guard
     000005A0  A$lcc159282$561                    guard
     000005A1  A$lcc159282$562                    guard
ASxxxx Linker V03.00 + NoICE + sdld,  page 19.
Hexadecimal  [32-Bits]

Area                                    Addr        Size        Decimal Bytes (Attributes)
--------------------------------        ----        ----        ------- ----- ------------
_CODE                               00000200    0000179B =        6043. bytes (REL,CON)

      Value  Global                              Global Defined In Module
      -----  --------------------------------   ------------------------
     000005A2  A$lcc159282$563                    guard
     000005A3  A$lcc159282$564                    guard
     000005A4  A$lcc159282$565                    guard
     000005A5  A$lcc159282$566                    guard
     000005A7  A$lcc159282$570                    guard
     000005A8  A$lcc159282$571                    guard
     000005A9  A$lcc159282$572                    guard
     000005AB  A$lcc159282$573                    guard
     000005AE  A$lcc159282$574                    guard
     000005B0  A$lcc159282$576                    guard
     000005B3  A$lcc159282$577                    guard
     000005B5  A$lcc159282$581                    guard
     000005B5  C$guard.c$76$2_0$139               guard
     000005B7  A$lcc159282$586                    guard
     000005B7  C$guard.c$79$3_0$141               guard
     000005BA  A$lcc159282$587                    guard
     000005BB  A$lcc159282$589                    guard
     000005BE  A$lcc159282$590                    guard
     000005C0  A$lcc159282$592                    guard
     000005C3  A$lcc159282$593                    guard
     000005C4  A$lcc159282$594                    guard
     000005C5  A$lcc159282$595                    guard
     000005C7  A$lcc159282$596                    guard
     000005C9  A$lcc159282$597                    guard
     000005CA  A$lcc159282$598                    guard
     000005CC  A$lcc159282$599                    guard
     000005CD  A$lcc159282$600                    guard
     000005CE  A$lcc159282$601                    guard
     000005CF  A$lcc159282$602                    guard
     000005D0  A$lcc159282$603                    guard
     000005D2  A$lcc159282$604                    guard
     000005D4  A$lcc159282$605                    guard
     000005D5  A$lcc159282$607                    guard
     000005D8  A$lcc159282$609                    guard
     000005D9  A$lcc159282$610                    guard
     000005DA  A$lcc159282$611                    guard
     000005DB  A$lcc159282$612                    guard
     000005DC  A$lcc159282$613                    guard
     000005DD  A$lcc159282$614                    guard
     000005DE  A$lcc159282$615                    guard
     000005DF  A$lcc159282$619                    guard
     000005DF  C$guard.c$84$3_0$141               guard
     000005E2  A$lcc159282$620                    guard
     000005E4  A$lcc159282$621                    guard
     000005E6  A$lcc159282$625                    guard
     000005E6  C$guard.c$86$4_0$142               guard
     000005E8  A$lcc159282$626                    guard
     000005E9  A$lcc159282$627                    guard
     000005EA  A$lcc159282$628                    guard
     000005EB  A$lcc159282$629                    guard
     000005ED  A$lcc159282$633                    guard
ASxxxx Linker V03.00 + NoICE + sdld,  page 20.
Hexadecimal  [32-Bits]

Area                                    Addr        Size        Decimal Bytes (Attributes)
--------------------------------        ----        ----        ------- ----- ------------
_CODE                               00000200    0000179B =        6043. bytes (REL,CON)

      Value  Global                              Global Defined In Module
      -----  --------------------------------   ------------------------
     000005ED  C$guard.c$88$4_0$142               guard
     000005F0  A$lcc159282$634                    guard
     000005F2  A$lcc159282$636                    guard
     000005F5  A$lcc159282$637                    guard
     000005F7  A$lcc159282$645                    guard
     000005F7  C$guard.c$90$1_0$135               guard
     000005F7  C$guard.c$95$1_0$135               guard
     000005F8  A$lcc159282$646                    guard
     000005F9  A$lcc159282$650                    guard
     000005FB  A$lcc159282$655                    guard
     000005FB  C$guard.c$96$1_0$135               guard
     000005FB  XG$guardDetection$0$0              guard
     000005FC  A$lcc159282$665                    guard
     000005FC  C$guard.c$100$1_0$157              guard
     000005FC  G$guardMovement$0$0                guard
     000005FC  _guardMovement                     guard
     000005FE  A$lcc159282$669                    guard
     000005FE  C$guard.c$102$1_0$157              guard
     00000601  A$lcc159282$670                    guard
     00000602  A$lcc159282$674                    guard
     00000602  C$guard.c$104$1_0$157              guard
     00000604  A$lcc159282$675                    guard
     00000605  A$lcc159282$676                    guard
     00000606  A$lcc159282$677                    guard
     00000608  A$lcc159282$678                    guard
     00000609  A$lcc159282$679                    guard
     0000060A  A$lcc159282$680                    guard
     0000060B  A$lcc159282$681                    guard
     0000060C  A$lcc159282$682                    guard
     0000060D  A$lcc159282$683                    guard
     0000060E  A$lcc159282$684                    guard
     0000060F  A$lcc159282$685                    guard
     00000611  A$lcc159282$689                    guard
     00000611  C$guard.c$106$2_0$158              guard
     00000614  A$lcc159282$690                    guard
     00000616  A$lcc159282$691                    guard
     00000618  A$lcc159282$696                    guard
     00000618  C$guard.c$108$3_0$159              guard
     00000619  A$lcc159282$697                    guard
     0000061A  A$lcc159282$698                    guard
     0000061D  A$lcc159282$699                    guard
     0000061E  A$lcc159282$700                    guard
     0000061F  A$lcc159282$701                    guard
     00000622  A$lcc159282$702                    guard
     00000623  A$lcc159282$703                    guard
     00000624  A$lcc159282$704                    guard
     00000626  A$lcc159282$705                    guard
     00000627  A$lcc159282$709                    guard
     00000627  C$guard.c$110$3_0$159              guard
     0000062A  A$lcc159282$710                    guard
     0000062C  A$lcc159282$714                    guard
ASxxxx Linker V03.00 + NoICE + sdld,  page 21.
Hexadecimal  [32-Bits]

Area                                    Addr        Size        Decimal Bytes (Attributes)
--------------------------------        ----        ----        ------- ----- ------------
_CODE                               00000200    0000179B =        6043. bytes (REL,CON)

      Value  Global                              Global Defined In Module
      -----  --------------------------------   ------------------------
     0000062D  A$lcc159282$715                    guard
     0000062F  A$lcc159282$716                    guard
     00000630  A$lcc159282$721                    guard
     00000631  A$lcc159282$722                    guard
     00000632  A$lcc159282$723                    guard
     00000635  A$lcc159282$724                    guard
     00000636  A$lcc159282$725                    guard
     00000637  A$lcc159282$726                    guard
     00000638  A$lcc159282$731                    guard
     00000639  A$lcc159282$732                    guard
     0000063A  A$lcc159282$733                    guard
     0000063D  A$lcc159282$734                    guard
     0000063E  A$lcc159282$735                    guard
     0000063F  A$lcc159282$736                    guard
     00000640  A$lcc159282$740                    guard
     00000640  C$guard.c$112$3_0$159              guard
     00000642  A$lcc159282$741                    guard
     00000643  A$lcc159282$742                    guard
     00000644  A$lcc159282$743                    guard
     00000646  A$lcc159282$747                    guard
     00000646  C$guard.c$114$4_0$160              guard
     00000647  A$lcc159282$748                    guard
     00000648  A$lcc159282$752                    guard
     00000648  C$guard.c$115$4_0$160              guard
     0000064A  A$lcc159282$753                    guard
     0000064B  A$lcc159282$754                    guard
     0000064D  A$lcc159282$759                    guard
     0000064D  C$guard.c$119$4_0$161              guard
     0000064F  A$lcc159282$760                    guard
     00000650  A$lcc159282$764                    guard
     00000650  C$guard.c$120$4_0$161              guard
     00000651  A$lcc159282$765                    guard
     00000652  A$lcc159282$768                    guard
     00000655  A$lcc159282$769                    guard
     00000657  A$lcc159282$770                    guard
     0000065A  A$lcc159282$771                    guard
     0000065C  A$lcc159282$772                    guard
     0000065F  A$lcc159282$773                    guard
     00000661  A$lcc159282$774                    guard
     00000664  A$lcc159282$775                    guard
     00000666  A$lcc159282$779                    guard
     00000666  C$guard.c$127$1_0$157              guard
     00000669  A$lcc159282$784                    guard
     00000669  C$guard.c$129$1_0$157              guard
     0000066A  A$lcc159282$785                    guard
     0000066B  A$lcc159282$786                    guard
     0000066E  A$lcc159282$788                    guard
     0000066F  A$lcc159282$789                    guard
     00000670  A$lcc159282$790                    guard
     00000673  A$lcc159282$791                    guard
     00000674  A$lcc159282$792                    guard
ASxxxx Linker V03.00 + NoICE + sdld,  page 22.
Hexadecimal  [32-Bits]

Area                                    Addr        Size        Decimal Bytes (Attributes)
--------------------------------        ----        ----        ------- ----- ------------
_CODE                               00000200    0000179B =        6043. bytes (REL,CON)

      Value  Global                              Global Defined In Module
      -----  --------------------------------   ------------------------
     00000675  A$lcc159282$793                    guard
     00000676  A$lcc159282$794                    guard
     00000677  A$lcc159282$795                    guard
     00000678  A$lcc159282$796                    guard
     0000067B  A$lcc159282$800                    guard
     0000067B  C$guard.c$131$2_0$162              guard
     0000067E  A$lcc159282$801                    guard
     00000680  A$lcc159282$802                    guard
     00000683  A$lcc159282$804                    guard
     00000684  A$lcc159282$805                    guard
     00000685  A$lcc159282$806                    guard
     00000688  A$lcc159282$807                    guard
     00000689  A$lcc159282$808                    guard
     0000068A  A$lcc159282$809                    guard
     0000068B  A$lcc159282$810                    guard
     0000068D  A$lcc159282$811                    guard
     0000068E  A$lcc159282$812                    guard
     0000068F  A$lcc159282$813                    guard
     00000690  A$lcc159282$814                    guard
     00000692  A$lcc159282$815                    guard
     00000693  A$lcc159282$816                    guard
     00000696  A$lcc159282$817                    guard
     00000697  A$lcc159282$818                    guard
     00000698  A$lcc159282$819                    guard
     00000699  A$lcc159282$820                    guard
     0000069B  A$lcc159282$821                    guard
     0000069C  A$lcc159282$822                    guard
     0000069D  A$lcc159282$823                    guard
     0000069E  A$lcc159282$824                    guard
     0000069F  A$lcc159282$825                    guard
     000006A0  A$lcc159282$826                    guard
     000006A1  A$lcc159282$827                    guard
     000006A2  A$lcc159282$828                    guard
     000006A3  A$lcc159282$829                    guard
     000006A4  A$lcc159282$830                    guard
     000006A5  A$lcc159282$831                    guard
     000006A7  A$lcc159282$832                    guard
     000006A8  A$lcc159282$833                    guard
     000006A9  A$lcc159282$834                    guard
     000006AC  A$lcc159282$839                    guard
     000006AC  C$guard.c$133$3_0$163              guard
     000006AF  A$lcc159282$840                    guard
     000006B1  A$lcc159282$844                    guard
     000006B1  C$guard.c$135$3_0$163              guard
     000006B3  A$lcc159282$845                    guard
     000006B6  A$lcc159282$846                    guard
     000006B7  A$lcc159282$847                    guard
     000006B9  A$lcc159282$848                    guard
     000006BB  A$lcc159282$851                    guard
     000006BE  A$lcc159282$852                    guard
     000006BF  A$lcc159282$854                    guard
ASxxxx Linker V03.00 + NoICE + sdld,  page 23.
Hexadecimal  [32-Bits]

Area                                    Addr        Size        Decimal Bytes (Attributes)
--------------------------------        ----        ----        ------- ----- ------------
_CODE                               00000200    0000179B =        6043. bytes (REL,CON)

      Value  Global                              Global Defined In Module
      -----  --------------------------------   ------------------------
     000006C2  A$lcc159282$855                    guard
     000006C3  A$lcc159282$857                    guard
     000006C6  A$lcc159282$858                    guard
     000006C7  A$lcc159282$859                    guard
     000006C8  A$lcc159282$861                    guard
     000006CB  A$lcc159282$862                    guard
     000006CC  A$lcc159282$864                    guard
     000006CF  A$lcc159282$865                    guard
     000006D0  A$lcc159282$866                    guard
     000006D1  A$lcc159282$867                    guard
     000006D2  A$lcc159282$869                    guard
     000006D5  A$lcc159282$870                    guard
     000006D6  A$lcc159282$872                    guard
     000006D9  A$lcc159282$873                    guard
     000006DB  A$lcc159282$874                    guard
     000006DC  A$lcc159282$876                    guard
     000006DF  A$lcc159282$877                    guard
     000006E0  A$lcc159282$881                    guard
     000006E0  C$guard.c$142$3_0$163              guard
     000006E3  A$lcc159282$882                    guard
     000006E4  A$lcc159282$883                    guard
     000006E6  A$lcc159282$884                    guard
     000006E7  A$lcc159282$888                    guard
     000006EA  A$lcc159282$889                    guard
     000006EB  A$lcc159282$890                    guard
     000006ED  A$lcc159282$891                    guard
     000006EE  A$lcc159282$892                    guard
     000006EF  A$lcc159282$893                    guard
     000006F0  A$lcc159282$894                    guard
     000006F1  A$lcc159282$895                    guard
     000006F2  A$lcc159282$896                    guard
     000006F3  A$lcc159282$897                    guard
     000006F4  A$lcc159282$898                    guard
     000006F5  A$lcc159282$899                    guard
     000006F6  A$lcc159282$900                    guard
     000006F7  A$lcc159282$901                    guard
     000006F8  A$lcc159282$902                    guard
     000006F9  A$lcc159282$903                    guard
     000006FA  A$lcc159282$904                    guard
     000006FB  A$lcc159282$909                    guard
     000006FB  C$guard.c$114$1_0$157              guard
     000006FC  A$lcc159282$910                    guard
     000006FD  A$lcc159282$911                    guard
     00000700  A$lcc159282$912                    guard
     00000701  A$lcc159282$913                    guard
     00000702  A$lcc159282$914                    guard
     00000703  A$lcc159282$915                    guard
     00000705  A$lcc159282$916                    guard
     00000706  A$lcc159282$917                    guard
     00000707  A$lcc159282$918                    guard
     00000708  A$lcc159282$919                    guard
ASxxxx Linker V03.00 + NoICE + sdld,  page 24.
Hexadecimal  [32-Bits]

Area                                    Addr        Size        Decimal Bytes (Attributes)
--------------------------------        ----        ----        ------- ----- ------------
_CODE                               00000200    0000179B =        6043. bytes (REL,CON)

      Value  Global                              Global Defined In Module
      -----  --------------------------------   ------------------------
     0000070A  A$lcc159282$920                    guard
     0000070B  A$lcc159282$925                    guard
     0000070B  C$guard.c$115$1_0$157              guard
     0000070C  A$lcc159282$926                    guard
     0000070D  A$lcc159282$927                    guard
     00000710  A$lcc159282$928                    guard
     00000711  A$lcc159282$929                    guard
     00000712  A$lcc159282$930                    guard
     00000713  A$lcc159282$931                    guard
     00000715  A$lcc159282$932                    guard
     00000716  A$lcc159282$933                    guard
     00000717  A$lcc159282$934                    guard
     00000718  A$lcc159282$935                    guard
     0000071A  A$lcc159282$936                    guard
     0000071B  A$lcc159282$940                    guard
     0000071B  C$guard.c$144$3_0$163              guard
     0000071D  A$lcc159282$941                    guard
     0000071E  A$lcc159282$942                    guard
     0000071F  A$lcc159282$943                    guard
     00000720  A$lcc159282$944                    guard
     00000721  A$lcc159282$945                    guard
     00000722  A$lcc159282$946                    guard
     00000724  A$lcc159282$950                    guard
     00000724  C$guard.c$146$4_0$165              guard
     00000725  A$lcc159282$951                    guard
[...]
      -----  --------------------------------   ------------------------
     0000FF1E  _NR34_REG                          

ASxxxx Linker V03.00 + NoICE + sdld,  page 113.
Hexadecimal  [32-Bits]

Area                                    Addr        Size        Decimal Bytes (Attributes)
--------------------------------        ----        ----        ------- ----- ------------
_SFR16                              00000000    00000001 =           1. bytes (ABS,CON)

      Value  Global                              Global Defined In Module
      -----  --------------------------------   ------------------------
     0000FF20  _NR41_REG                          

ASxxxx Linker V03.00 + NoICE + sdld,  page 114.
Hexadecimal  [32-Bits]

Area                                    Addr        Size        Decimal Bytes (Attributes)
--------------------------------        ----        ----        ------- ----- ------------
_SFR17                              00000000    00000001 =           1. bytes (ABS,CON)

      Value  Global                              Global Defined In Module
      -----  --------------------------------   ------------------------
     0000FF21  _NR42_REG                          

ASxxxx Linker V03.00 + NoICE + sdld,  page 115.
Hexadecimal  [32-Bits]

Area                                    Addr        Size        Decimal Bytes (Attributes)
--------------------------------        ----        ----        ------- ----- ------------
_SFR18                              00000000    00000001 =           1. bytes (ABS,CON)

      Value  Global                              Global Defined In Module
      -----  --------------------------------   ------------------------
     0000FF22  _NR43_REG                          

ASxxxx Linker V03.00 + NoICE + sdld,  page 116.
Hexadecimal  [32-Bits]

Area                                    Addr        Size        Decimal Bytes (Attributes)
--------------------------------        ----        ----        ------- ----- ------------
_SFR19                              00000000    00000001 =           1. bytes (ABS,CON)

      Value  Global                              Global Defined In Module
      -----  --------------------------------   ------------------------
     0000FF23  _NR44_REG                          

ASxxxx Linker V03.00 + NoICE + sdld,  page 117.
Hexadecimal  [32-Bits]

Area                                    Addr        Size        Decimal Bytes (Attributes)
--------------------------------        ----        ----        ------- ----- ------------
_SFR1a                              00000000    00000001 =           1. bytes (ABS,CON)

      Value  Global                              Global Defined In Module
      -----  --------------------------------   ------------------------
     0000FF24  _NR50_REG                          

ASxxxx Linker V03.00 + NoICE + sdld,  page 118.
Hexadecimal  [32-Bits]

Area                                    Addr        Size        Decimal Bytes (Attributes)
--------------------------------        ----        ----        ------- ----- ------------
_SFR1b                              00000000    00000001 =           1. bytes (ABS,CON)

      Value  Global                              Global Defined In Module
      -----  --------------------------------   ------------------------
     0000FF25  _NR51_REG                          

ASxxxx Linker V03.00 + NoICE + sdld,  page 119.
Hexadecimal  [32-Bits]

Area                                    Addr        Size        Decimal Bytes (Attributes)
--------------------------------        ----        ----        ------- ----- ------------
_SFR1c                              00000000    00000001 =           1. bytes (ABS,CON)

      Value  Global                              Global Defined In Module
      -----  --------------------------------   ------------------------
     0000FF26  _NR52_REG                          

ASxxxx Linker V03.00 + NoICE + sdld,  page 120.
Hexadecimal  [32-Bits]

Area                                    Addr        Size        Decimal Bytes (Attributes)
--------------------------------        ----        ----        ------- ----- ------------
_SFR1d                              00000000    00000001 =           1. bytes (ABS,CON)

      Value  Global                              Global Defined In Module
      -----  --------------------------------   ------------------------
     0000FF40  _LCDC_REG                          

ASxxxx Linker V03.00 + NoICE + sdld,  page 121.
Hexadecimal  [32-Bits]

Area                                    Addr        Size        Decimal Bytes (Attributes)
--------------------------------        ----        ----        ------- ----- ------------
_SFR1e                              00000000    00000001 =           1. bytes (ABS,CON)

      Value  Global                              Global Defined In Module
      -----  --------------------------------   ------------------------
     0000FF41  _STAT_REG                          

ASxxxx Linker V03.00 + NoICE + sdld,  page 122.
Hexadecimal  [32-Bits]

Area                                    Addr        Size        Decimal Bytes (Attributes)
--------------------------------        ----        ----        ------- ----- ------------
_SFR1f                              00000000    00000001 =           1. bytes (ABS,CON)

      Value  Global                              Global Defined In Module
      -----  --------------------------------   ------------------------
     0000FF42  _SCY_REG                           

ASxxxx Linker V03.00 + NoICE + sdld,  page 123.
Hexadecimal  [32-Bits]

Area                                    Addr        Size        Decimal Bytes (Attributes)
--------------------------------        ----        ----        ------- ----- ------------
_SFR20                              00000000    00000001 =           1. bytes (ABS,CON)

      Value  Global                              Global Defined In Module
      -----  --------------------------------   ------------------------
     0000FF43  _SCX_REG                           

ASxxxx Linker V03.00 + NoICE + sdld,  page 124.
Hexadecimal  [32-Bits]

Area                                    Addr        Size        Decimal Bytes (Attributes)
--------------------------------        ----        ----        ------- ----- ------------
_SFR21                              00000000    00000001 =           1. bytes (ABS,CON)

      Value  Global                              Global Defined In Module
      -----  --------------------------------   ------------------------
     0000FF44  _LY_REG                            

ASxxxx Linker V03.00 + NoICE + sdld,  page 125.
Hexadecimal  [32-Bits]

Area                                    Addr        Size        Decimal Bytes (Attributes)
--------------------------------        ----        ----        ------- ----- ------------
_SFR22                              00000000    00000001 =           1. bytes (ABS,CON)

      Value  Global                              Global Defined In Module
      -----  --------------------------------   ------------------------
     0000FF45  _LYC_REG                           

ASxxxx Linker V03.00 + NoICE + sdld,  page 126.
Hexadecimal  [32-Bits]

Area                                    Addr        Size        Decimal Bytes (Attributes)
--------------------------------        ----        ----        ------- ----- ------------
_SFR23                              00000000    00000001 =           1. bytes (ABS,CON)

      Value  Global                              Global Defined In Module
      -----  --------------------------------   ------------------------
     0000FF46  _DMA_REG                           

ASxxxx Linker V03.00 + NoICE + sdld,  page 127.
Hexadecimal  [32-Bits]

Area                                    Addr        Size        Decimal Bytes (Attributes)
--------------------------------        ----        ----        ------- ----- ------------
_SFR24                              00000000    00000001 =           1. bytes (ABS,CON)

      Value  Global                              Global Defined In Module
      -----  --------------------------------   ------------------------
     0000FF47  _BGP_REG                           

ASxxxx Linker V03.00 + NoICE + sdld,  page 128.
Hexadecimal  [32-Bits]

Area                                    Addr        Size        Decimal Bytes (Attributes)
--------------------------------        ----        ----        ------- ----- ------------
_SFR25                              00000000    00000001 =           1. bytes (ABS,CON)

      Value  Global                              Global Defined In Module
      -----  --------------------------------   ------------------------
     0000FF48  _OBP0_REG                          

ASxxxx Linker V03.00 + NoICE + sdld,  page 129.
Hexadecimal  [32-Bits]

Area                                    Addr        Size        Decimal Bytes (Attributes)
--------------------------------        ----        ----        ------- ----- ------------
_SFR26                              00000000    00000001 =           1. bytes (ABS,CON)

      Value  Global                              Global Defined In Module
      -----  --------------------------------   ------------------------
     0000FF49  _OBP1_REG                          

ASxxxx Linker V03.00 + NoICE + sdld,  page 130.
Hexadecimal  [32-Bits]

Area                                    Addr        Size        Decimal Bytes (Attributes)
--------------------------------        ----        ----        ------- ----- ------------
_SFR27                              00000000    00000001 =           1. bytes (ABS,CON)

      Value  Global                              Global Defined In Module
      -----  --------------------------------   ------------------------
     0000FF4A  _WY_REG                            

ASxxxx Linker V03.00 + NoICE + sdld,  page 131.
Hexadecimal  [32-Bits]

Area                                    Addr        Size        Decimal Bytes (Attributes)
--------------------------------        ----        ----        ------- ----- ------------
_SFR28                              00000000    00000001 =           1. bytes (ABS,CON)

      Value  Global                              Global Defined In Module
      -----  --------------------------------   ------------------------
     0000FF4B  _WX_REG                            

ASxxxx Linker V03.00 + NoICE + sdld,  page 132.
Hexadecimal  [32-Bits]

Area                                    Addr        Size        Decimal Bytes (Attributes)
--------------------------------        ----        ----        ------- ----- ------------
_SFR29                              00000000    00000001 =           1. bytes (ABS,CON)

      Value  Global                              Global Defined In Module
      -----  --------------------------------   ------------------------
     0000FF4D  _KEY1_REG                          

ASxxxx Linker V03.00 + NoICE + sdld,  page 133.
Hexadecimal  [32-Bits]

Area                                    Addr        Size        Decimal Bytes (Attributes)
--------------------------------        ----        ----        ------- ----- ------------
_SFR2a                              00000000    00000001 =           1. bytes (ABS,CON)

      Value  Global                              Global Defined In Module
      -----  --------------------------------   ------------------------
     0000FF4F  _VBK_REG                           

ASxxxx Linker V03.00 + NoICE + sdld,  page 134.
Hexadecimal  [32-Bits]

Area                                    Addr        Size        Decimal Bytes (Attributes)
--------------------------------        ----        ----        ------- ----- ------------
_SFR2b                              00000000    00000001 =           1. bytes (ABS,CON)

      Value  Global                              Global Defined In Module
      -----  --------------------------------   ------------------------
     0000FF51  _HDMA1_REG                         

ASxxxx Linker V03.00 + NoICE + sdld,  page 135.
Hexadecimal  [32-Bits]

Area                                    Addr        Size        Decimal Bytes (Attributes)
--------------------------------        ----        ----        ------- ----- ------------
_SFR2c                              00000000    00000001 =           1. bytes (ABS,CON)

      Value  Global                              Global Defined In Module
      -----  --------------------------------   ------------------------
     0000FF52  _HDMA2_REG                         

ASxxxx Linker V03.00 + NoICE + sdld,  page 136.
Hexadecimal  [32-Bits]

Area                                    Addr        Size        Decimal Bytes (Attributes)
--------------------------------        ----        ----        ------- ----- ------------
_SFR2d                              00000000    00000001 =           1. bytes (ABS,CON)

      Value  Global                              Global Defined In Module
      -----  --------------------------------   ------------------------
     0000FF53  _HDMA3_REG                         

ASxxxx Linker V03.00 + NoICE + sdld,  page 137.
Hexadecimal  [32-Bits]

Area                                    Addr        Size        Decimal Bytes (Attributes)
--------------------------------        ----        ----        ------- ----- ------------
_SFR2e                              00000000    00000001 =           1. bytes (ABS,CON)

      Value  Global                              Global Defined In Module
      -----  --------------------------------   ------------------------
     0000FF54  _HDMA4_REG                         

ASxxxx Linker V03.00 + NoICE + sdld,  page 138.
Hexadecimal  [32-Bits]

Area                                    Addr        Size        Decimal Bytes (Attributes)
--------------------------------        ----        ----        ------- ----- ------------
_SFR2f                              00000000    00000001 =           1. bytes (ABS,CON)

      Value  Global                              Global Defined In Module
      -----  --------------------------------   ------------------------
     0000FF55  _HDMA5_REG                         

ASxxxx Linker V03.00 + NoICE + sdld,  page 139.
Hexadecimal  [32-Bits]

Area                                    Addr        Size        Decimal Bytes (Attributes)
--------------------------------        ----        ----        ------- ----- ------------
_SFR30                              00000000    00000001 =           1. bytes (ABS,CON)

      Value  Global                              Global Defined In Module
      -----  --------------------------------   ------------------------
     0000FF56  _RP_REG                            

ASxxxx Linker V03.00 + NoICE + sdld,  page 140.
Hexadecimal  [32-Bits]

Area                                    Addr        Size        Decimal Bytes (Attributes)
--------------------------------        ----        ----        ------- ----- ------------
_SFR31                              00000000    00000001 =           1. bytes (ABS,CON)

      Value  Global                              Global Defined In Module
      -----  --------------------------------   ------------------------
     0000FF68  _BCPS_REG                          

ASxxxx Linker V03.00 + NoICE + sdld,  page 141.
Hexadecimal  [32-Bits]

Area                                    Addr        Size        Decimal Bytes (Attributes)
--------------------------------        ----        ----        ------- ----- ------------
_SFR32                              00000000    00000001 =           1. bytes (ABS,CON)

      Value  Global                              Global Defined In Module
      -----  --------------------------------   ------------------------
     0000FF69  _BCPD_REG                          

ASxxxx Linker V03.00 + NoICE + sdld,  page 142.
Hexadecimal  [32-Bits]

Area                                    Addr        Size        Decimal Bytes (Attributes)
--------------------------------        ----        ----        ------- ----- ------------
_SFR33                              00000000    00000001 =           1. bytes (ABS,CON)

      Value  Global                              Global Defined In Module
      -----  --------------------------------   ------------------------
     0000FF6A  _OCPS_REG                          

ASxxxx Linker V03.00 + NoICE + sdld,  page 143.
Hexadecimal  [32-Bits]

Area                                    Addr        Size        Decimal Bytes (Attributes)
--------------------------------        ----        ----        ------- ----- ------------
_SFR34                              00000000    00000001 =           1. bytes (ABS,CON)

      Value  Global                              Global Defined In Module
      -----  --------------------------------   ------------------------
     0000FF6B  _OCPD_REG                          

ASxxxx Linker V03.00 + NoICE + sdld,  page 144.
Hexadecimal  [32-Bits]

Area                                    Addr        Size        Decimal Bytes (Attributes)
--------------------------------        ----        ----        ------- ----- ------------
_SFR35                              00000000    00000001 =           1. bytes (ABS,CON)

      Value  Global                              Global Defined In Module
      -----  --------------------------------   ------------------------
     0000FF70  _SVBK_REG                          

ASxxxx Linker V03.00 + NoICE + sdld,  page 145.
Hexadecimal  [32-Bits]

Area                                    Addr        Size        Decimal Bytes (Attributes)
--------------------------------        ----        ----        ------- ----- ------------
_SFR36                              00000000    00000001 =           1. bytes (ABS,CON)

      Value  Global                              Global Defined In Module
      -----  --------------------------------   ------------------------
     0000FFFF  _IE_REG                            

ASxxxx Linker V03.00 + NoICE + sdld,  page 146.

Files Linked                              [ module(s) ]

c:\gbdk\lib/small/asxxxx/gb/crt0.o        [ Runtime ]
main.o                                    [ main ]
C:\Users\7319a\AppData\Local\Temp/lcc159280.o
                                          [ headsUpDisplayMB ]
C:\Users\7319a\AppData\Local\Temp/lcc159281.o
                                          [ gameConfiguration ]
C:\Users\7319a\AppData\Local\Temp/lcc159282.o
                                          [ guard ]
C:\Users\7319a\AppData\Local\Temp/lcc159283.o
                                          [ headsUpDisplay ]
C:\Users\7319a\AppData\Local\Temp/lcc159284.o
                                          [ player ]
C:\Users\7319a\AppData\Local\Temp/lcc159285.o
                                          [ projectile ]
C:\Users\7319a\AppData\Local\Temp/lcc159286.o
                                          [ fontTD ]
C:\Users\7319a\AppData\Local\Temp/lcc159287.o
                                          [ guardTD ]
C:\Users\7319a\AppData\Local\Temp/lcc159288.o
                                          [ miscellaneous ]
C:\Users\7319a\AppData\Local\Temp/lcc159289.o
                                          [ playerTD ]


Libraries Linked                          [ object file ]

c:\gbdk\lib/small/asxxxx/gb/gb.lib        [ sfr.o ]
c:\gbdk\lib/small/asxxxx/gb/gb.lib        [ set_wi_t.o ]
c:\gbdk\lib/small/asxxxx/gb/gb.lib        [ set_data.o ]
c:\gbdk\lib/small/asxxxx/gb/gb.lib        [ pad.o ]
c:\gbdk\lib/small/asxxxx/gb/gb.lib        [ rand.o ]
c:\gbdk\lib/small/asxxxx/gb/gb.lib        [ set_bk_t.o ]
c:\gbdk\lib/small/asxxxx/gb/gb.lib        [ set_xy_t.o ]

ASxxxx Linker V03.00 + NoICE + sdld,  page 147.

User Base Address Definitions

_DATA=0xc0a0
_CODE=0x0200
ASxxxx Linker V03.00 + NoICE + sdld,  page 148.

User Global Definitions

_shadow_OAM=0xC000
.STACK=0xE000
.refresh_OAM=0xFF80

